------------------------------------------------------------
TimeQuest Timing Analyzer Summary
------------------------------------------------------------

Type  : Slow 1200mV 85C Model Setup 'U0_pll165m_inst|altpll_component|auto_generated|pll1|clk[1]'
Slack : -2.449
TNS   : -2.449

Type  : Slow 1200mV 85C Model Setup 'clk_50m'
Slack : 1.201
TNS   : 0.000

Type  : Slow 1200mV 85C Model Hold 'clk_50m'
Slack : 0.437
TNS   : 0.000

Type  : Slow 1200mV 85C Model Hold 'U0_pll165m_inst|altpll_component|auto_generated|pll1|clk[1]'
Slack : 0.481
TNS   : 0.000

Type  : Slow 1200mV 85C Model Recovery 'U0_pll165m_inst|altpll_component|auto_generated|pll1|clk[1]'
Slack : -12.493
TNS   : -2048.304

Type  : Slow 1200mV 85C Model Recovery 'clk_50m'
Slack : 9.202
TNS   : 0.000

Type  : Slow 1200mV 85C Model Removal 'clk_50m'
Slack : 1.931
TNS   : 0.000

Type  : Slow 1200mV 85C Model Removal 'U0_pll165m_inst|altpll_component|auto_generated|pll1|clk[1]'
Slack : 3.674
TNS   : 0.000

Type  : Slow 1200mV 85C Model Minimum Pulse Width 'U0_pll165m_inst|altpll_component|auto_generated|pll1|clk[1]'
Slack : 1.060
TNS   : 0.000

Type  : Slow 1200mV 85C Model Minimum Pulse Width 'clk_50m'
Slack : 9.719
TNS   : 0.000

Type  : Slow 1200mV 0C Model Setup 'U0_pll165m_inst|altpll_component|auto_generated|pll1|clk[1]'
Slack : -2.054
TNS   : -2.054

Type  : Slow 1200mV 0C Model Setup 'clk_50m'
Slack : 1.065
TNS   : 0.000

Type  : Slow 1200mV 0C Model Hold 'clk_50m'
Slack : 0.401
TNS   : 0.000

Type  : Slow 1200mV 0C Model Hold 'U0_pll165m_inst|altpll_component|auto_generated|pll1|clk[1]'
Slack : 0.450
TNS   : 0.000

Type  : Slow 1200mV 0C Model Recovery 'U0_pll165m_inst|altpll_component|auto_generated|pll1|clk[1]'
Slack : -12.107
TNS   : -1983.694

Type  : Slow 1200mV 0C Model Recovery 'clk_50m'
Slack : 9.246
TNS   : 0.000

Type  : Slow 1200mV 0C Model Removal 'clk_50m'
Slack : 1.935
TNS   : 0.000

Type  : Slow 1200mV 0C Model Removal 'U0_pll165m_inst|altpll_component|auto_generated|pll1|clk[1]'
Slack : 3.433
TNS   : 0.000

Type  : Slow 1200mV 0C Model Minimum Pulse Width 'U0_pll165m_inst|altpll_component|auto_generated|pll1|clk[1]'
Slack : 1.060
TNS   : 0.000

Type  : Slow 1200mV 0C Model Minimum Pulse Width 'clk_50m'
Slack : 9.745
TNS   : 0.000

Type  : Fast 1200mV 0C Model Setup 'U0_pll165m_inst|altpll_component|auto_generated|pll1|clk[1]'
Slack : -0.903
TNS   : -0.903

Type  : Fast 1200mV 0C Model Setup 'clk_50m'
Slack : 0.177
TNS   : 0.000

Type  : Fast 1200mV 0C Model Hold 'U0_pll165m_inst|altpll_component|auto_generated|pll1|clk[1]'
Slack : 0.185
TNS   : 0.000

Type  : Fast 1200mV 0C Model Hold 'clk_50m'
Slack : 0.186
TNS   : 0.000

Type  : Fast 1200mV 0C Model Recovery 'U0_pll165m_inst|altpll_component|auto_generated|pll1|clk[1]'
Slack : -11.278
TNS   : -1869.508

Type  : Fast 1200mV 0C Model Recovery 'clk_50m'
Slack : 9.291
TNS   : 0.000

Type  : Fast 1200mV 0C Model Removal 'clk_50m'
Slack : 1.970
TNS   : 0.000

Type  : Fast 1200mV 0C Model Removal 'U0_pll165m_inst|altpll_component|auto_generated|pll1|clk[1]'
Slack : 2.822
TNS   : 0.000

Type  : Fast 1200mV 0C Model Minimum Pulse Width 'U0_pll165m_inst|altpll_component|auto_generated|pll1|clk[1]'
Slack : 2.761
TNS   : 0.000

Type  : Fast 1200mV 0C Model Minimum Pulse Width 'clk_50m'
Slack : 9.416
TNS   : 0.000

------------------------------------------------------------
